// Jest Snapshot v1, https://goo.gl/fbAQLP

exports[`ErrorScreen should render correctly 1`] = `
<div>
  <div>
    <p
      style="text-transform: uppercase; font-size: 32px; text-align: center; color: black;"
    >
      Error
    </p>
    <p
      style="font-size: 24px; text-align: center; color: black;"
    >
      Try again later
    </p>
  </div>
</div>
`;
