// Jest Snapshot v1, https://goo.gl/fbAQLP

exports[`LoadingScreen should render correctly 1`] = `
<div>
  <div
    class="user-page"
  >
    <header
      class="page-header user-page__head"
    >
      <div
        class="logo"
      >
        <a
          class="logo__link"
        >
          <span
            class="logo__letter logo__letter--1"
          >
            W
          </span>
          <span
            class="logo__letter logo__letter--2"
          >
            T
          </span>
          <span
            class="logo__letter logo__letter--3"
          >
            W
          </span>
        </a>
      </div>
      <h1
        class="page-title user-page__title"
      >
        Loading data...
      </h1>
    </header>
  </div>
</div>
`;
