// Jest Snapshot v1, https://goo.gl/fbAQLP

exports[`MoviesList should render correctly 1`] = `
<div>
  <div
    class="catalog__movies-list"
  >
    <article
      class="small-movie-card catalog__movies-card"
    >
      <a
        href="/films/1"
      >
        <div
          class="small-movie-card__image"
        >
          <img
            alt="Shutter Island"
            height="175"
            src="https://assets.htmlacademy.ru/intensives/javascript-3/film/preview/macbeth.jpg"
            width="280"
          />
        </div>
      </a>
      <h3
        class="small-movie-card__title"
      >
        <a
          class="small-movie-card__link"
          href="/films/1"
        >
          Macbeth
        </a>
      </h3>
    </article>
    <article
      class="small-movie-card catalog__movies-card"
    >
      <a
        href="/films/2"
      >
        <div
          class="small-movie-card__image"
        >
          <img
            alt="Shutter Island"
            height="175"
            src="https://assets.htmlacademy.ru/intensives/javascript-3/film/preview/macbeth.jpg"
            width="280"
          />
        </div>
      </a>
      <h3
        class="small-movie-card__title"
      >
        <a
          class="small-movie-card__link"
          href="/films/2"
        >
          Macbeth
        </a>
      </h3>
    </article>
  </div>
</div>
`;
