// Jest Snapshot v1, https://goo.gl/fbAQLP

exports[`Main should render correctly 1`] = `
<div>
  <section
    class="movie-card"
  >
    <div
      class="movie-card__bg"
    >
      <img />
    </div>
    <h1
      class="visually-hidden"
    >
      WTW
    </h1>
    <header
      class="page-header movie-card__head"
    >
      <div
        class="logo"
      >
        <a
          class="logo__link"
          href="/"
        >
          <span
            class="logo__letter logo__letter--1"
          >
            W
          </span>
          <span
            class="logo__letter logo__letter--2"
          >
            T
          </span>
          <span
            class="logo__letter logo__letter--3"
          >
            W
          </span>
        </a>
      </div>
      <div
        class="user-block"
      >
         
        <a
          href="/mylist"
        >
          <div
            class="user-block__avatar"
          >
            <img
              alt="User avatar"
              height="63"
              width="63"
            />
          </div>
        </a>
        <a
          href="#"
        >
          Log out
        </a>
      </div>
    </header>
    <div
      class="movie-card__wrap"
    >
      <div
        class="movie-card__info"
      >
        <div
          class="movie-card__poster"
        >
          <img
            height="327"
            width="218"
          />
        </div>
        <div
          class="movie-card__desc"
        >
          <h2
            class="movie-card__title"
          />
          <p
            class="movie-card__meta"
          >
            <span
              class="movie-card__genre"
            />
            <span
              class="movie-card__year"
            />
          </p>
          <div
            class="movie-card__buttons"
          >
            <a
              class="btn btn--play movie-card__button"
              href="/player/1"
            >
              <svg
                height="19"
                viewBox="0 0 19 19"
                width="19"
              >
                <use
                  xlink:href="#play-s"
                />
              </svg>
              <span>
                Play
              </span>
            </a>
            <button
              class="btn btn--list movie-card__button"
              type="button"
            >
              <svg
                height="20"
                viewBox="0 0 19 20"
                width="19"
              >
                <use
                  xlink:href="#add"
                />
              </svg>
              <span>
                My list
              </span>
            </button>
          </div>
        </div>
      </div>
    </div>
  </section>
  <div
    class="page-content"
  >
    <section
      class="catalog"
    >
      <h2
        class="catalog__title visually-hidden"
      >
        Catalog
      </h2>
      <ul
        class="catalog__genres-list"
      >
        <li
          class="catalog__genres-item"
        >
          <a
            class="catalog__genres-link"
            href="#"
          >
            All genres
          </a>
        </li>
        <li
          class="catalog__genres-item"
        >
          <a
            class="catalog__genres-link"
            href="#"
          >
            Drama
          </a>
        </li>
        <li
          class="catalog__genres-item"
        >
          <a
            class="catalog__genres-link"
            href="#"
          >
            Comedy
          </a>
        </li>
      </ul>
      <div
        class="catalog__movies-list"
      >
        <article
          class="small-movie-card catalog__movies-card"
        >
          <a
            href="/films/1"
          >
            <div
              class="small-movie-card__image"
            >
              <img
                alt="Shutter Island"
                height="175"
                src="https://assets.htmlacademy.ru/intensives/javascript-3/film/preview/macbeth.jpg"
                width="280"
              />
            </div>
          </a>
          <h3
            class="small-movie-card__title"
          >
            <a
              class="small-movie-card__link"
              href="/films/1"
            >
              Macbeth
            </a>
          </h3>
        </article>
        <article
          class="small-movie-card catalog__movies-card"
        >
          <a
            href="/films/2"
          >
            <div
              class="small-movie-card__image"
            >
              <img
                alt="Shutter Island"
                height="175"
                src="https://assets.htmlacademy.ru/intensives/javascript-3/film/preview/macbeth.jpg"
                width="280"
              />
            </div>
          </a>
          <h3
            class="small-movie-card__title"
          >
            <a
              class="small-movie-card__link"
              href="/films/2"
            >
              Macbeth
            </a>
          </h3>
        </article>
      </div>
      <div
        class="catalog__more"
      >
        <button
          class="catalog__button"
          type="button"
        >
          Show more
        </button>
      </div>
    </section>
    <footer
      class="page-footer"
    >
      <div
        class="logo"
      >
        <a
          class="logo__link logo__link--light"
        >
          <span
            class="logo__letter logo__letter--1"
          >
            W
          </span>
          <span
            class="logo__letter logo__letter--2"
          >
            T
          </span>
          <span
            class="logo__letter logo__letter--3"
          >
            W
          </span>
        </a>
      </div>
      <div
        class="copyright"
      >
        <p>
          Â© 2019 What to watch Ltd.
        </p>
      </div>
    </footer>
  </div>
</div>
`;
