// Jest Snapshot v1, https://goo.gl/fbAQLP

exports[`MovieCard should render correctly 1`] = `
<div>
  <article
    class="small-movie-card catalog__movies-card"
  >
    <a
      href="/films/1"
    >
      <div
        class="small-movie-card__image"
      >
        <img
          alt="Shutter Island"
          height="175"
          src="https://assets.htmlacademy.ru/intensives/javascript-3/film/preview/macbeth.jpg"
          width="280"
        />
      </div>
    </a>
    <h3
      class="small-movie-card__title"
    >
      <a
        class="small-movie-card__link"
        href="/films/1"
      >
        Macbeth
      </a>
    </h3>
  </article>
</div>
`;
